run 0
reserved-item-_bazeloriginalprojectreference 1
reserved-item-analyzer 1
test 0
failure 3
filter 3
body-edit 0
worker-compile-failure 1
worker-recovery 0
missing-edge 1
edge-metadata 1
absent-global-removal 0
active-global-removal 1
conditional-edge 1
undeclared-source 1
restore-incompatible-property 1
restore-custom-target 1
restore-kind-mismatch 1
recovered 0
undeclared-package 1
undeclared-reference 1
undeclared-read 1
source-write 1
cache-seed 0
cache-recovery 0
restore-relocated-compile 0
